Analyzing smart_note...                                         

  error - The argument type 'CardTheme' can't be assigned to the parameter type 'CardThemeData?'.  - lib\main.dart:30:20 - argument_type_not_assignable
warning - Unused import: 'dart:convert' - lib\models\note.dart:1:8 - unused_import
warning - The declaration '_deleteNote' isn't referenced - lib\screens\home_screen.dart:53:16 - unused_element
   info - 'WillPopScope' is deprecated and shouldn't be used. Use PopScope instead. The Android predictive back feature will not work with WillPopScope. This feature was deprecated after v3.12.0-1.0.pre - lib\screens\note_editor_screen.dart:81:12 - deprecated_member_use
   info - 'withOpacity' is deprecated and shouldn't be used. Use .withValues() to avoid precision loss - lib\widgets\empty_state.dart:17:51 - deprecated_member_use
   info - 'withOpacity' is deprecated and shouldn't be used. Use .withValues() to avoid precision loss - lib\widgets\empty_state.dart:23:53 - deprecated_member_use
   info - 'withOpacity' is deprecated and shouldn't be used. Use .withValues() to avoid precision loss - lib\widgets\note_card.dart:24:31 - deprecated_member_use
   info - 'withOpacity' is deprecated and shouldn't be used. Use .withValues() to avoid precision loss - lib\widgets\note_card.dart:49:43 - deprecated_member_use
   info - 'withOpacity' is deprecated and shouldn't be used. Use .withValues() to avoid precision loss - lib\widgets\note_card.dart:58:45 - deprecated_member_use
   info - 'MaterialStateProperty' is deprecated and shouldn't be used. Use WidgetStateProperty instead. Moved to the Widgets layer to make code available outside of Material. This feature was deprecated after v3.19.0-0.3.pre - lib\widgets\search_bar_widget.dart:22:20 - deprecated_member_use
   info - 'MaterialStateProperty' is deprecated and shouldn't be used. Use WidgetStateProperty instead. Moved to the Widgets layer to make code available outside of Material. This feature was deprecated after v3.19.0-0.3.pre - lib\widgets\search_bar_widget.dart:23:26 - deprecated_member_use
   info - 'surfaceVariant' is deprecated and shouldn't be used. Use surfaceContainerHighest instead. This feature was deprecated after v3.18.0-0.1.pre - lib\widgets\search_bar_widget.dart:24:41 - deprecated_member_use
   info - 'withOpacity' is deprecated and shouldn't be used. Use .withValues() to avoid precision loss - lib\widgets\search_bar_widget.dart:24:56 - deprecated_member_use
   info - 'MaterialStateProperty' is deprecated and shouldn't be used. Use WidgetStateProperty instead. Moved to the Widgets layer to make code available outside of Material. This feature was deprecated after v3.19.0-0.3.pre - lib\widgets\search_bar_widget.dart:26:16 - deprecated_member_use
warning - Unused import: 'package:flutter/material.dart' - test\widget_test.dart:1:8 - unused_import

